[2024-02-18T12:28:29.890+0000][gc,init] CardTable entry size: 512
[2024-02-18T12:28:29.890+0000][gc     ] Using G1
[2024-02-18T12:28:29.906+0000][gc,init] Version: 21.0.2+13-LTS (release)
[2024-02-18T12:28:29.906+0000][gc,init] CPUs: 2 total, 2 available
[2024-02-18T12:28:29.906+0000][gc,init] Memory: 7929M
[2024-02-18T12:28:29.906+0000][gc,init] Large Page Support: Disabled
[2024-02-18T12:28:29.906+0000][gc,init] NUMA Support: Disabled
[2024-02-18T12:28:29.906+0000][gc,init] Compressed Oops: Enabled (32-bit)
[2024-02-18T12:28:29.906+0000][gc,init] Heap Region Size: 1M
[2024-02-18T12:28:29.906+0000][gc,init] Heap Min Capacity: 1G
[2024-02-18T12:28:29.906+0000][gc,init] Heap Initial Capacity: 1G
[2024-02-18T12:28:29.907+0000][gc,init] Heap Max Capacity: 1G
[2024-02-18T12:28:29.907+0000][gc,init] Pre-touch: Disabled
[2024-02-18T12:28:29.907+0000][gc,init] Parallel Workers: 2
[2024-02-18T12:28:29.907+0000][gc,init] Concurrent Workers: 1
[2024-02-18T12:28:29.907+0000][gc,init] Concurrent Refinement Workers: 2
[2024-02-18T12:28:29.907+0000][gc,init] Periodic GC: Disabled
[2024-02-18T12:28:29.914+0000][gc,metaspace] CDS archive(s) mapped at: [0x00007f902b000000-0x00007f902bca6000-0x00007f902bca6000), size 13262848, SharedBaseAddress: 0x00007f902b000000, ArchiveRelocationMode: 1.
[2024-02-18T12:28:29.914+0000][gc,metaspace] Compressed class space mapped at: 0x00007f902c000000-0x00007f906c000000, reserved size: 1073741824
[2024-02-18T12:28:29.914+0000][gc,metaspace] Narrow klass base: 0x00007f902b000000, Narrow klass shift: 0, Narrow klass range: 0x100000000
[2024-02-18T12:28:31.481+0000][gc,start    ] GC(0) Pause Young (Normal) (G1 Evacuation Pause)
[2024-02-18T12:28:31.481+0000][gc,task     ] GC(0) Using 2 workers of 2 for evacuation
[2024-02-18T12:28:31.492+0000][gc,phases   ] GC(0)   Pre Evacuate Collection Set: 0.2ms
[2024-02-18T12:28:31.492+0000][gc,phases   ] GC(0)   Merge Heap Roots: 0.1ms
[2024-02-18T12:28:31.492+0000][gc,phases   ] GC(0)   Evacuate Collection Set: 9.7ms
[2024-02-18T12:28:31.492+0000][gc,phases   ] GC(0)   Post Evacuate Collection Set: 0.4ms
[2024-02-18T12:28:31.492+0000][gc,phases   ] GC(0)   Other: 0.3ms
[2024-02-18T12:28:31.492+0000][gc,heap     ] GC(0) Eden regions: 51->0(44)
[2024-02-18T12:28:31.492+0000][gc,heap     ] GC(0) Survivor regions: 0->7(7)
[2024-02-18T12:28:31.492+0000][gc,heap     ] GC(0) Old regions: 2->3
[2024-02-18T12:28:31.492+0000][gc,heap     ] GC(0) Humongous regions: 0->0
[2024-02-18T12:28:31.492+0000][gc,metaspace] GC(0) Metaspace: 19788K(20096K)->19788K(20096K) NonClass: 17238K(17408K)->17238K(17408K) Class: 2549K(2688K)->2549K(2688K)
[2024-02-18T12:28:31.492+0000][gc          ] GC(0) Pause Young (Normal) (G1 Evacuation Pause) 52M->8M(1024M) 10.907ms
[2024-02-18T12:28:31.492+0000][gc,cpu      ] GC(0) User=0.02s Sys=0.00s Real=0.01s
[2024-02-18T12:28:31.653+0000][gc,start    ] GC(1) Pause Young (Concurrent Start) (Metadata GC Threshold)
[2024-02-18T12:28:31.653+0000][gc,task     ] GC(1) Using 2 workers of 2 for evacuation
[2024-02-18T12:28:31.669+0000][gc,phases   ] GC(1)   Pre Evacuate Collection Set: 0.4ms
[2024-02-18T12:28:31.669+0000][gc,phases   ] GC(1)   Merge Heap Roots: 0.1ms
[2024-02-18T12:28:31.669+0000][gc,phases   ] GC(1)   Evacuate Collection Set: 15.1ms
[2024-02-18T12:28:31.669+0000][gc,phases   ] GC(1)   Post Evacuate Collection Set: 0.4ms
[2024-02-18T12:28:31.669+0000][gc,phases   ] GC(1)   Other: 0.1ms
[2024-02-18T12:28:31.669+0000][gc,heap     ] GC(1) Eden regions: 7->0(50)
[2024-02-18T12:28:31.670+0000][gc,heap     ] GC(1) Survivor regions: 7->1(7)
[2024-02-18T12:28:31.670+0000][gc,heap     ] GC(1) Old regions: 3->9
[2024-02-18T12:28:31.670+0000][gc,heap     ] GC(1) Humongous regions: 129->129
[2024-02-18T12:28:31.670+0000][gc,metaspace] GC(1) Metaspace: 21284K(21504K)->21284K(21504K) NonClass: 18528K(18624K)->18528K(18624K) Class: 2756K(2880K)->2756K(2880K)
[2024-02-18T12:28:31.670+0000][gc          ] GC(1) Pause Young (Concurrent Start) (Metadata GC Threshold) 143M->137M(1024M) 16.991ms
[2024-02-18T12:28:31.670+0000][gc,cpu      ] GC(1) User=0.02s Sys=0.00s Real=0.02s
[2024-02-18T12:28:31.670+0000][gc          ] GC(2) Concurrent Mark Cycle
[2024-02-18T12:28:31.670+0000][gc,marking  ] GC(2) Concurrent Scan Root Regions
[2024-02-18T12:28:31.674+0000][gc,marking  ] GC(2) Concurrent Scan Root Regions 3.822ms
[2024-02-18T12:28:31.674+0000][gc,marking  ] GC(2) Concurrent Mark
[2024-02-18T12:28:31.674+0000][gc,marking  ] GC(2) Concurrent Mark From Roots
[2024-02-18T12:28:31.674+0000][gc,task     ] GC(2) Using 1 workers of 1 for marking
[2024-02-18T12:28:31.676+0000][gc,marking  ] GC(2) Concurrent Mark From Roots 2.238ms
[2024-02-18T12:28:31.676+0000][gc,marking  ] GC(2) Concurrent Preclean
[2024-02-18T12:28:31.676+0000][gc,marking  ] GC(2) Concurrent Preclean 0.031ms
[2024-02-18T12:28:31.677+0000][gc,start    ] GC(2) Pause Remark
[2024-02-18T12:28:31.679+0000][gc          ] GC(2) Pause Remark 138M->138M(1024M) 2.232ms
[2024-02-18T12:28:31.679+0000][gc,cpu      ] GC(2) User=0.01s Sys=0.00s Real=0.01s
[2024-02-18T12:28:31.679+0000][gc,marking  ] GC(2) Concurrent Mark 4.880ms
[2024-02-18T12:28:31.679+0000][gc,marking  ] GC(2) Concurrent Rebuild Remembered Sets and Scrub Regions
[2024-02-18T12:28:31.682+0000][gc,marking  ] GC(2) Concurrent Rebuild Remembered Sets and Scrub Regions 3.181ms
[2024-02-18T12:28:31.682+0000][gc,start    ] GC(2) Pause Cleanup
[2024-02-18T12:28:31.683+0000][gc          ] GC(2) Pause Cleanup 138M->138M(1024M) 0.131ms
[2024-02-18T12:28:31.683+0000][gc,cpu      ] GC(2) User=0.00s Sys=0.00s Real=0.00s
[2024-02-18T12:28:31.683+0000][gc,marking  ] GC(2) Concurrent Clear Claimed Marks
[2024-02-18T12:28:31.683+0000][gc,marking  ] GC(2) Concurrent Clear Claimed Marks 0.039ms
[2024-02-18T12:28:31.683+0000][gc,marking  ] GC(2) Concurrent Cleanup for Next Mark
[2024-02-18T12:28:31.690+0000][gc,marking  ] GC(2) Concurrent Cleanup for Next Mark 7.326ms
[2024-02-18T12:28:31.690+0000][gc          ] GC(2) Concurrent Mark Cycle 20.235ms
[2024-02-18T12:31:32.604+0000][gc,start    ] GC(3) Pause Young (Prepare Mixed) (G1 Evacuation Pause)
[2024-02-18T12:31:32.604+0000][gc,task     ] GC(3) Using 2 workers of 2 for evacuation
[2024-02-18T12:31:32.613+0000][gc,phases   ] GC(3)   Pre Evacuate Collection Set: 0.2ms
[2024-02-18T12:31:32.613+0000][gc,phases   ] GC(3)   Merge Heap Roots: 0.1ms
[2024-02-18T12:31:32.613+0000][gc,phases   ] GC(3)   Evacuate Collection Set: 8.7ms
[2024-02-18T12:31:32.613+0000][gc,phases   ] GC(3)   Post Evacuate Collection Set: 0.5ms
[2024-02-18T12:31:32.613+0000][gc,phases   ] GC(3)   Other: 0.1ms
[2024-02-18T12:31:32.613+0000][gc,heap     ] GC(3) Eden regions: 50->0(45)
[2024-02-18T12:31:32.613+0000][gc,heap     ] GC(3) Survivor regions: 1->6(7)
[2024-02-18T12:31:32.613+0000][gc,heap     ] GC(3) Old regions: 9->9
[2024-02-18T12:31:32.613+0000][gc,heap     ] GC(3) Humongous regions: 129->129
[2024-02-18T12:31:32.613+0000][gc,metaspace] GC(3) Metaspace: 33503K(33856K)->33503K(33856K) NonClass: 29622K(29824K)->29622K(29824K) Class: 3880K(4032K)->3880K(4032K)
[2024-02-18T12:31:32.613+0000][gc          ] GC(3) Pause Young (Prepare Mixed) (G1 Evacuation Pause) 187M->142M(1024M) 9.784ms
[2024-02-18T12:31:32.613+0000][gc,cpu      ] GC(3) User=0.01s Sys=0.00s Real=0.01s
[2024-02-18T12:40:23.892+0000][gc,start    ] GC(4) Pause Young (Mixed) (Metadata GC Threshold)
[2024-02-18T12:40:23.892+0000][gc,task     ] GC(4) Using 2 workers of 2 for evacuation
[2024-02-18T12:40:23.900+0000][gc,phases   ] GC(4)   Pre Evacuate Collection Set: 0.2ms
[2024-02-18T12:40:23.900+0000][gc,phases   ] GC(4)   Merge Heap Roots: 0.0ms
[2024-02-18T12:40:23.900+0000][gc,phases   ] GC(4)   Evacuate Collection Set: 6.4ms
[2024-02-18T12:40:23.900+0000][gc,phases   ] GC(4)   Post Evacuate Collection Set: 0.5ms
[2024-02-18T12:40:23.900+0000][gc,phases   ] GC(4)   Other: 0.2ms
[2024-02-18T12:40:23.900+0000][gc,heap     ] GC(4) Eden regions: 17->0(50)
[2024-02-18T12:40:23.900+0000][gc,heap     ] GC(4) Survivor regions: 6->1(7)
[2024-02-18T12:40:23.900+0000][gc,heap     ] GC(4) Old regions: 9->13
[2024-02-18T12:40:23.900+0000][gc,heap     ] GC(4) Humongous regions: 129->129
[2024-02-18T12:40:23.900+0000][gc,metaspace] GC(4) Metaspace: 35667K(36096K)->35667K(36096K) NonClass: 31442K(31680K)->31442K(31680K) Class: 4225K(4416K)->4225K(4416K)
[2024-02-18T12:40:23.900+0000][gc          ] GC(4) Pause Young (Mixed) (Metadata GC Threshold) 158M->142M(1024M) 7.656ms
[2024-02-18T12:40:23.900+0000][gc,cpu      ] GC(4) User=0.01s Sys=0.00s Real=0.01s
[2024-02-18T12:40:23.945+0000][gc,start    ] GC(5) Pause Young (Concurrent Start) (Metadata GC Threshold)
[2024-02-18T12:40:23.945+0000][gc,task     ] GC(5) Using 2 workers of 2 for evacuation
[2024-02-18T12:40:23.949+0000][gc,phases   ] GC(5)   Pre Evacuate Collection Set: 0.1ms
[2024-02-18T12:40:23.949+0000][gc,phases   ] GC(5)   Merge Heap Roots: 0.1ms
[2024-02-18T12:40:23.949+0000][gc,phases   ] GC(5)   Evacuate Collection Set: 3.3ms
[2024-02-18T12:40:23.949+0000][gc,phases   ] GC(5)   Post Evacuate Collection Set: 0.4ms
[2024-02-18T12:40:23.949+0000][gc,phases   ] GC(5)   Other: 0.1ms
[2024-02-18T12:40:23.949+0000][gc,heap     ] GC(5) Eden regions: 2->0(50)
[2024-02-18T12:40:23.949+0000][gc,heap     ] GC(5) Survivor regions: 1->1(7)
[2024-02-18T12:40:23.949+0000][gc,heap     ] GC(5) Old regions: 13->13
[2024-02-18T12:40:23.949+0000][gc,heap     ] GC(5) Humongous regions: 129->129
[2024-02-18T12:40:23.949+0000][gc,metaspace] GC(5) Metaspace: 36010K(36416K)->36010K(36416K) NonClass: 31736K(32000K)->31736K(32000K) Class: 4274K(4416K)->4274K(4416K)
[2024-02-18T12:40:23.949+0000][gc          ] GC(5) Pause Young (Concurrent Start) (Metadata GC Threshold) 143M->142M(1024M) 4.254ms
[2024-02-18T12:40:23.949+0000][gc,cpu      ] GC(5) User=0.00s Sys=0.00s Real=0.01s
[2024-02-18T12:40:23.953+0000][gc          ] GC(6) Concurrent Mark Cycle
[2024-02-18T12:40:23.953+0000][gc,marking  ] GC(6) Concurrent Scan Root Regions
[2024-02-18T12:40:23.954+0000][gc,marking  ] GC(6) Concurrent Scan Root Regions 1.019ms
[2024-02-18T12:40:23.954+0000][gc,marking  ] GC(6) Concurrent Mark
[2024-02-18T12:40:23.954+0000][gc,marking  ] GC(6) Concurrent Mark From Roots
[2024-02-18T12:40:23.954+0000][gc,task     ] GC(6) Using 1 workers of 1 for marking
[2024-02-18T12:40:23.995+0000][gc,marking  ] GC(6) Concurrent Mark From Roots 41.371ms
[2024-02-18T12:40:23.995+0000][gc,marking  ] GC(6) Concurrent Preclean
[2024-02-18T12:40:23.995+0000][gc,marking  ] GC(6) Concurrent Preclean 0.064ms
[2024-02-18T12:40:23.996+0000][gc,start    ] GC(6) Pause Remark
[2024-02-18T12:40:24.003+0000][gc          ] GC(6) Pause Remark 143M->143M(1024M) 6.825ms
[2024-02-18T12:40:24.003+0000][gc,cpu      ] GC(6) User=0.00s Sys=0.00s Real=0.01s
[2024-02-18T12:40:24.003+0000][gc,marking  ] GC(6) Concurrent Mark 48.733ms
[2024-02-18T12:40:24.003+0000][gc,marking  ] GC(6) Concurrent Rebuild Remembered Sets and Scrub Regions
[2024-02-18T12:40:24.025+0000][gc,marking  ] GC(6) Concurrent Rebuild Remembered Sets and Scrub Regions 22.314ms
[2024-02-18T12:40:24.025+0000][gc,start    ] GC(6) Pause Cleanup
[2024-02-18T12:40:24.025+0000][gc          ] GC(6) Pause Cleanup 143M->143M(1024M) 0.126ms
[2024-02-18T12:40:24.025+0000][gc,cpu      ] GC(6) User=0.00s Sys=0.00s Real=0.00s
[2024-02-18T12:40:24.025+0000][gc,marking  ] GC(6) Concurrent Clear Claimed Marks
[2024-02-18T12:40:24.025+0000][gc,marking  ] GC(6) Concurrent Clear Claimed Marks 0.055ms
[2024-02-18T12:40:24.025+0000][gc,marking  ] GC(6) Concurrent Cleanup for Next Mark
[2024-02-18T12:40:24.028+0000][gc,marking  ] GC(6) Concurrent Cleanup for Next Mark 2.239ms
[2024-02-18T12:40:24.028+0000][gc          ] GC(6) Concurrent Mark Cycle 74.962ms
[2024-02-18T13:06:37.747+0000][gc,start    ] GC(7) Pause Young (Normal) (G1 Evacuation Pause)
[2024-02-18T13:06:37.747+0000][gc,task     ] GC(7) Using 2 workers of 2 for evacuation
[2024-02-18T13:06:37.751+0000][gc,phases   ] GC(7)   Pre Evacuate Collection Set: 0.1ms
[2024-02-18T13:06:37.751+0000][gc,phases   ] GC(7)   Merge Heap Roots: 0.1ms
[2024-02-18T13:06:37.751+0000][gc,phases   ] GC(7)   Evacuate Collection Set: 3.2ms
[2024-02-18T13:06:37.751+0000][gc,phases   ] GC(7)   Post Evacuate Collection Set: 0.4ms
[2024-02-18T13:06:37.751+0000][gc,phases   ] GC(7)   Other: 0.1ms
[2024-02-18T13:06:37.751+0000][gc,heap     ] GC(7) Eden regions: 50->0(49)
[2024-02-18T13:06:37.751+0000][gc,heap     ] GC(7) Survivor regions: 1->2(7)
[2024-02-18T13:06:37.751+0000][gc,heap     ] GC(7) Old regions: 13->13
[2024-02-18T13:06:37.751+0000][gc,heap     ] GC(7) Humongous regions: 129->129
[2024-02-18T13:06:37.751+0000][gc,metaspace] GC(7) Metaspace: 37294K(37696K)->37294K(37696K) NonClass: 32982K(33216K)->32982K(33216K) Class: 4311K(4480K)->4311K(4480K)
[2024-02-18T13:06:37.751+0000][gc          ] GC(7) Pause Young (Normal) (G1 Evacuation Pause) 192M->143M(1024M) 4.083ms
[2024-02-18T13:06:37.751+0000][gc,cpu      ] GC(7) User=0.01s Sys=0.00s Real=0.01s
[2024-02-18T13:33:22.508+0000][gc,start    ] GC(8) Pause Young (Normal) (G1 Evacuation Pause)
[2024-02-18T13:33:22.512+0000][gc,task     ] GC(8) Using 2 workers of 2 for evacuation
[2024-02-18T13:33:22.515+0000][gc,phases   ] GC(8)   Pre Evacuate Collection Set: 0.1ms
[2024-02-18T13:33:22.515+0000][gc,phases   ] GC(8)   Merge Heap Roots: 0.0ms
[2024-02-18T13:33:22.515+0000][gc,phases   ] GC(8)   Evacuate Collection Set: 3.1ms
[2024-02-18T13:33:22.515+0000][gc,phases   ] GC(8)   Post Evacuate Collection Set: 0.4ms
[2024-02-18T13:33:22.515+0000][gc,phases   ] GC(8)   Other: 0.1ms
[2024-02-18T13:33:22.515+0000][gc,heap     ] GC(8) Eden regions: 49->0(49)
[2024-02-18T13:33:22.515+0000][gc,heap     ] GC(8) Survivor regions: 2->2(7)
[2024-02-18T13:33:22.515+0000][gc,heap     ] GC(8) Old regions: 13->13
[2024-02-18T13:33:22.515+0000][gc,heap     ] GC(8) Humongous regions: 129->129
[2024-02-18T13:33:22.516+0000][gc,metaspace] GC(8) Metaspace: 37552K(38016K)->37552K(38016K) NonClass: 33210K(33472K)->33210K(33472K) Class: 4341K(4544K)->4341K(4544K)
[2024-02-18T13:33:22.516+0000][gc          ] GC(8) Pause Young (Normal) (G1 Evacuation Pause) 192M->143M(1024M) 7.033ms
[2024-02-18T13:33:22.516+0000][gc,cpu      ] GC(8) User=0.01s Sys=0.00s Real=0.01s
